main INFO ===========================================================
main INFO  JASPER The Talking Computer                               
main INFO  Copyright 2013 Shubhro Saha & Charlie Marsh               
main INFO ===========================================================
main DEBUG command line args: Namespace(half_local=True, local=False, log_to_console=True, no_speaker=True, pipe=False, sock=False)
half_local_mic INFO >>>>>>>>>>>>>>>>>>>
half_local_mic INFO JASPER: Czym mogę służyć, Hubert?
half_local_mic INFO >>>>>>>>>>>>>>>>>>>
speaker INFO Say phrase: Czym mogę służyć, Hubert?
brain INFO Loading module: modules.__init__
brain INFO Loading module: modules.News
brain INFO     key words: WIADOMOŚCI, TAK, NIE, PIERWSZĄ, DRUGĄ, TRZECIĄ
brain INFO Loading module: modules.app_utils
brain INFO Loading module: modules.HN
brain INFO     key words: HACKER, NEWS, YES, NO, FIRST, SECOND, THIRD
brain INFO Loading module: modules.Time
brain INFO     key words: CZAS, GODZINA
brain INFO Loading module: modules.Birthday
brain INFO     key words: URODZINY
brain INFO Loading module: modules.Unclear
brain INFO     key words: 
brain INFO Loading module: modules.home_automation
brain INFO     key words: OTWÓRZ, ZAMKNIJ, WŁĄCZ, WYŁĄCZ, GŁOŚNIKI, ROLETY, URUCHOM
brain INFO Loading module: modules.helper
brain INFO     key words: POMOC, POMOCY
brain INFO Loading module: modules.xbmc
brain INFO     key words: PUŚĆ, ODTWARZAJ, GRAJ, ZAGRAJ, WSTRZYMAJ, ZATRZYMAJ
brain INFO Loading module: modules.Life
brain INFO     key words: JAKI, JEST, SENS, ŻYCIA
brain INFO Loading module: modules.Notifications
brain INFO     key words: FACEBOOK, FEJSBUK, POWIADOMIENIE, POWIADOMIENIA
brain INFO Loading module: modules.Weather
brain INFO     key words: POGODA, PROGNOZA, DZISIAJ, JUTRO
brain INFO Loading module: modules.Gmail
brain INFO     key words: EMAIL, MEJLE, MAIL
brain INFO Loading module: modules.Joke
brain INFO     key words: JOKE, KNOCK KNOCK
You: conversation CRITICAL fatal error processing passive listen
Traceback (most recent call last):
  File "/home/osmc/jasper/client/conversation.py", line 54, in handleForever
    threshold, transcribed = self.mic.passiveListen(self.persona)
  File "/home/osmc/jasper/client/half_local_mic.py", line 89, in passiveListen
    text = raw_input("You: ")
KeyboardInterrupt
conversation INFO Got new notification: Nowy email od "Google+".
You: You: conversation CRITICAL fatal error processing passive listen
Traceback (most recent call last):
  File "/home/osmc/jasper/client/conversation.py", line 54, in handleForever
    threshold, transcribed = self.mic.passiveListen(self.persona)
  File "/home/osmc/jasper/client/half_local_mic.py", line 89, in passiveListen
    text = raw_input("You: ")
KeyboardInterrupt
You: You: conversation CRITICAL fatal error processing passive listen
Traceback (most recent call last):
  File "/home/osmc/jasper/client/conversation.py", line 54, in handleForever
    threshold, transcribed = self.mic.passiveListen(self.persona)
  File "/home/osmc/jasper/client/half_local_mic.py", line 89, in passiveListen
    text = raw_input("You: ")
IOError: [Errno 25] Inappropriate ioctl for device
You: You: You: conversation CRITICAL fatal error processing passive listen
Traceback (most recent call last):
  File "/home/osmc/jasper/client/conversation.py", line 54, in handleForever
    threshold, transcribed = self.mic.passiveListen(self.persona)
  File "/home/osmc/jasper/client/half_local_mic.py", line 89, in passiveListen
    text = raw_input("You: ")
KeyboardInterrupt
